
> frontend@0.0.0 test C:\Iris\major proj\circular economy\frontend
> vitest "--run"


[1m[7m[36m RUN [39m[27m[22m [36mv2.1.9 [39m[90mC:/Iris/major proj/circular economy/frontend[39m

 [32mΓ£ô[39m src/lib/formatting.test.js [2m([22m[2m2 tests[22m[2m)[22m[90m 31[2mms[22m[39m
 [32mΓ£ô[39m src/features/assessments/utils.test.js [2m([22m[2m3 tests[22m[2m)[22m[90m 49[2mms[22m[39m
 [32mΓ£ô[39m src/pages/MyAssessmentsPage/sortUtils.test.js [2m([22m[2m3 tests[22m[2m)[22m[90m 42[2mms[22m[39m
 [31mΓ¥»[39m src/pages/DashboardPage/FeaturedSolutionsCard.test.jsx [2m([22m[2m1 test[22m[2m | [22m[31m1 failed[39m[2m)[22m[33m 824[2mms[22m[39m
[31m   [31m├ù[31m FeaturedSolutionsCard[2m > [22mrenders featured solutions and opens modal when Explore more clicked[33m 813[2mms[22m[31m[39m
[31m     ΓåÆ Element type is invalid: expected a string (for built-in components) or a class/function (for composite components) but got: undefined. You likely forgot to export your component from the file it's defined in, or you might have mixed up default and named imports.

Check the render method of `FeaturedSolutionsCard`.[39m
 [32mΓ£ô[39m src/features/assessments/hooks/useFeaturedSolutions.test.jsx [2m([22m[2m2 tests[22m[2m)[22m[33m 392[2mms[22m[39m
   [33m[2mΓ£ô[22m[39m useFeaturedSolutions[2m > [22mfetches featured solutions and exposes data [33m333[2mms[22m[39m
 [32mΓ£ô[39m src/components/common/ChartWrapper.test.jsx [2m([22m[2m2 tests[22m[2m)[22m[33m 404[2mms[22m[39m
   [33m[2mΓ£ô[22m[39m ChartContainer[2m > [22mapplies default height and minHeight [33m347[2mms[22m[39m
node.exe : [90mstderr[2m | src/components/charts/PieChart.test.jsx[2m > 
[22m[2mPieChart[2m > [22m[2mrenders and matches snapshot
At C:\Users\Areeb\AppData\Roaming\npm\pnpm.ps1:24 char:5
+     & "node$exe"  "$basedir/node_modules/pnpm/bin/pnpm.cjs" $args
+     ~~~~~~~~~~~~~~~~~~~~~~~~~~~~~~~~~~~~~~~~~~~~~~~~~~~~~~~~~~~~~
    + CategoryInfo          : NotSpecified: ([90mstderr[2m...atches snapshot 
   :String) [], RemoteException
    + FullyQualifiedErrorId : NativeCommandError
 
[22m[39mThe width(0) and height(0) of chart should be greater than 0,
       please check the style of container, or the props width(100%) and 
height(100%),
       or add a minWidth(0) or minHeight(undefined) or use aspect(undefined) 
to control the
       height and width.

 [32mΓ£ô[39m src/components/charts/PieChart.test.jsx [2m([22m[2m1 test[22m[2m)[22m[33m 413[2mms[22m[39m
   [33m[2mΓ£ô[22m[39m PieChart[2m > [22mrenders and matches snapshot [33m387[2mms[22m[39m
 [32mΓ£ô[39m src/components/charts/LineChart.test.jsx [2m([22m[2m4 tests[22m[2m)[22m[33m 499[2mms[22m[39m
   [33m[2mΓ£ô[22m[39m LineChart[2m > [22mrenders with basic line data [33m358[2mms[22m[39m
[90mstderr[2m | src/pages/MarketAnalysisPage/MarketAnalysisPage.test.jsx[2m 
> [22m[2mMarketAnalysisPage[2m > [22m[2mrenders export buttons and time 
range controls
[22m[39mUnknown event handler property `onPress`. It will be ignored.
If you do not provide a visible label, you must specify an aria-label or 
aria-labelledby attribute for accessibility

[90mstderr[2m | src/pages/MarketAnalysisPage/MarketAnalysisPage.test.jsx[2m 
> [22m[2mMarketAnalysisPage[2m > [22m[2mrenders export buttons and time 
range controls
[22m[39mIf you do not provide a visible label, you must specify an 
aria-label or aria-labelledby attribute for accessibility
If you do not provide a visible label, you must specify an aria-label or 
aria-labelledby attribute for accessibility
If you do not provide a visible label, you must specify an aria-label or 
aria-labelledby attribute for accessibility
If you do not provide a visible label, you must specify an aria-label or 
aria-labelledby attribute for accessibility

 [32mΓ£ô[39m src/pages/MarketAnalysisPage/MarketAnalysisPage.test.jsx [2m([22m[2m1 test[22m[2m)[22m[33m 1184[2mms[22m[39m
   [33m[2mΓ£ô[22m[39m MarketAnalysisPage[2m > [22mrenders export buttons and time range controls [33m1178[2mms[22m[39m
 [31mΓ¥»[39m src/pages/DashboardPage/DashboardPage.test.jsx [2m([22m[2m1 test[22m[2m | [22m[31m1 failed[39m[2m)[22m[33m 15223[2mms[22m[39m
[31m   [31m├ù[31m DashboardPage (snapshot)[2m > [22mrenders Overview section consistently[33m 15216[2mms[22m[31m[39m
[31m     ΓåÆ Element type is invalid: expected a string (for built-in components) or a class/function (for composite components) but got: undefined. You likely forgot to export your component from the file it's defined in, or you might have mixed up default and named imports.

Check the render method of `DashboardPage`.[39m

[31mΓÄ»ΓÄ»ΓÄ»ΓÄ»ΓÄ»ΓÄ»ΓÄ»[1m[7m Failed Tests 2 
[27m[22mΓÄ»ΓÄ»ΓÄ»ΓÄ»ΓÄ»ΓÄ»ΓÄ»[39m

[31m[1m[7m FAIL [27m[22m[39m 
src/pages/DashboardPage/DashboardPage.test.jsx[2m > [22mDashboardPage 
(snapshot)[2m > [22mrenders Overview section consistently
[31m[1mError[22m: Element type is invalid: expected a string (for built-in 
components) or a class/function (for composite components) but got: undefined. 
You likely forgot to export your component from the file it's defined in, or 
you might have mixed up default and named imports.

Check the render method of `DashboardPage`.[39m
[90m [2mΓ¥»[22m createFiberFromTypeAndProps node_modules/react-dom/cjs/react
-dom-client.development.js:[2m5021:28[22m[39m
[90m [2mΓ¥»[22m createFiberFromElement node_modules/react-dom/cjs/react-dom-
client.development.js:[2m5035:14[22m[39m
[90m [2mΓ¥»[22m createChild node_modules/react-dom/cjs/react-dom-client.deve
lopment.js:[2m6338:26[22m[39m
[90m [2mΓ¥»[22m reconcileChildrenArray node_modules/react-dom/cjs/react-dom-
client.development.js:[2m6670:25[22m[39m
[90m [2mΓ¥»[22m reconcileChildFibersImpl node_modules/react-dom/cjs/react-do
m-client.development.js:[2m6993:30[22m[39m
[90m [2mΓ¥»[22m node_modules/react-dom/cjs/react-dom-client.development.js:
[2m7098:33[22m[39m
[90m [2mΓ¥»[22m reconcileChildren node_modules/react-dom/cjs/react-dom-clien
t.development.js:[2m9701:13[22m[39m
[90m [2mΓ¥»[22m beginWork node_modules/react-dom/cjs/react-dom-client.develo
pment.js:[2m12049:13[22m[39m
[90m [2mΓ¥»[22m runWithFiberInDEV 
node_modules/react-dom/cjs/react-dom-client.development.js:[2m874:13[22m[39m
[90m [2mΓ¥»[22m performUnitOfWork node_modules/react-dom/cjs/react-dom-clien
t.development.js:[2m17641:22[22m[39m

[31m[2mΓÄ»ΓÄ»ΓÄ»ΓÄ»ΓÄ»ΓÄ»ΓÄ»ΓÄ»ΓÄ»ΓÄ»ΓÄ»ΓÄ»ΓÄ»ΓÄ»ΓÄ»ΓÄ»ΓÄ»ΓÄ»ΓÄ»ΓÄ»ΓÄ»ΓÄ»ΓÄ»Γ
Ä»[1/2]ΓÄ»[22m[39m

[31m[1m[7m FAIL [27m[22m[39m 
src/pages/DashboardPage/FeaturedSolutionsCard.test.jsx[2m > 
[22mFeaturedSolutionsCard[2m > [22mrenders featured solutions and opens 
modal when Explore more clicked
[31m[1mError[22m: Element type is invalid: expected a string (for built-in 
components) or a class/function (for composite components) but got: undefined. 
You likely forgot to export your component from the file it's defined in, or 
you might have mixed up default and named imports.

Check the render method of `FeaturedSolutionsCard`.[39m
[90m [2mΓ¥»[22m createFiberFromTypeAndProps node_modules/react-dom/cjs/react
-dom-client.development.js:[2m5021:28[22m[39m
[90m [2mΓ¥»[22m createFiberFromElement node_modules/react-dom/cjs/react-dom-
client.development.js:[2m5035:14[22m[39m
[90m [2mΓ¥»[22m createChild node_modules/react-dom/cjs/react-dom-client.deve
lopment.js:[2m6338:26[22m[39m
[90m [2mΓ¥»[22m reconcileChildrenArray node_modules/react-dom/cjs/react-dom-
client.development.js:[2m6670:25[22m[39m
[90m [2mΓ¥»[22m reconcileChildFibersImpl node_modules/react-dom/cjs/react-do
m-client.development.js:[2m6993:30[22m[39m
[90m [2mΓ¥»[22m node_modules/react-dom/cjs/react-dom-client.development.js:
[2m7098:33[22m[39m
[90m [2mΓ¥»[22m reconcileChildren node_modules/react-dom/cjs/react-dom-clien
t.development.js:[2m9701:13[22m[39m
[90m [2mΓ¥»[22m beginWork node_modules/react-dom/cjs/react-dom-client.develo
pment.js:[2m12049:13[22m[39m
[90m [2mΓ¥»[22m runWithFiberInDEV 
node_modules/react-dom/cjs/react-dom-client.development.js:[2m874:13[22m[39m
[90m [2mΓ¥»[22m performUnitOfWork node_modules/react-dom/cjs/react-dom-clien
t.development.js:[2m17641:22[22m[39m

[31m[2mΓÄ»ΓÄ»ΓÄ»ΓÄ»ΓÄ»ΓÄ»ΓÄ»ΓÄ»ΓÄ»ΓÄ»ΓÄ»ΓÄ»ΓÄ»ΓÄ»ΓÄ»ΓÄ»ΓÄ»ΓÄ»ΓÄ»ΓÄ»ΓÄ»ΓÄ»ΓÄ»Γ
Ä»[2/2]ΓÄ»[22m[39m

[2m Test Files [22m [1m[31m2 failed[39m[22m[2m | [22m[1m[32m8 passed[39m[22m[90m (10)[39m
[2m      Tests [22m [1m[31m2 failed[39m[22m[2m | [22m[1m[32m18 passed[39m[22m[90m (20)[39m
[2m   Start at [22m 18:16:09
[2m   Duration [22m 29.01s[2m (transform 13.19s, setup 34.68s, collect 54.86s, tests 19.06s, environment 54.08s, prepare 3.55s)[22m

ΓÇëELIFECYCLEΓÇë Test failed. See above for more details.
