
> frontend@1.0.0 test
> vitest

[vitest.config] envDir resolved to: C:\Iris\major proj\circular economy\env

[1m[44m DEV [49m[22m [34mv4.1.0 [39m[90mC:/Iris/major proj/circular economy/frontend[39m


[1m[44m DEV [49m[22m [34mv4.1.0 [39m[90mC:/Iris/major proj/circular economy/frontend[39m

[90mstdout[2m | src/features/assessments/hooks/useFeaturedSolutions.test.jsx
[22m[39m[dotenv@17.3.1] injecting env (36) from ..\env\.env.test -- tip: ≡ƒñû agentic secret storage: https://dotenvx.com/as2

[90mstdout[2m | src/features/assessments/hooks/useFeaturedSolutions.test.jsx
[22m[39m[dotenv@17.3.1] injecting env (36) from ..\env\.env.test -- tip: ≡ƒñû agentic secret storage: https://dotenvx.com/as2

[90mstdout[2m | src/components/common/ChartWrapper.test.jsx
[22m[39m[dotenv@17.3.1] injecting env (36) from ..\env\.env.test -- tip: ≡ƒöÉ prevent committing .env to code: https://dotenvx.com/precommit

[90mstdout[2m | src/components/common/ChartWrapper.test.jsx
[22m[39m[dotenv@17.3.1] injecting env (36) from ..\env\.env.test -- tip: ≡ƒöÉ prevent committing .env to code: https://dotenvx.com/precommit

[90mstdout[2m | src/features/session/AppSessionManager.test.jsx
[22m[39m[dotenv@17.3.1] injecting env (36) from ..\env\.env.test -- tip: ≡ƒöÉ prevent building .env in docker: https://dotenvx.com/prebuild

[90mstdout[2m | src/features/session/AppSessionManager.test.jsx
[22m[39m[dotenv@17.3.1] injecting env (36) from ..\env\.env.test -- tip: ≡ƒöÉ prevent building .env in docker: https://dotenvx.com/prebuild

 [32mΓ£ô[39m src/features/assessments/hooks/useFeaturedSolutions.test.jsx[2m > [22museFeaturedSolutions[2m > [22mfetches featured solutions and exposes data[33m 1792[2mms[22m[39m[35m 61 MB heap used[39m
 [32mΓ£ô[39m src/features/assessments/hooks/useFeaturedSolutions.test.jsx[2m > [22museFeaturedSolutions[2m > [22mpasses industry to API when provided[33m 470[2mms[22m[39m[35m 62 MB heap used[39m
 [32mΓ£ô[39m src/features/assessments/hooks/useFeaturedSolutions.test.jsx [2m([22m[2m2 tests[22m[2m)[22m[33m 2376[2mms[22m[39m[35m 62 MB heap used[39m
     [33m[2mΓ£ô[22m[39m fetches featured solutions and exposes data [33m 1792[2mms[22m[39m[35m 61 MB heap used[39m
     [33m[2mΓ£ô[22m[39m passes industry to API when provided [33m 470[2mms[22m[39m[35m 62 MB heap used[39m
[90mstdout[2m | src/hooks/useDrawer.test.jsx
[22m[39m[dotenv@17.3.1] injecting env (36) from ..\env\.env.test -- tip: ΓÜÖ∩╕Å  specify custom .env file path with { path: '/custom/path/.env' }

[90mstdout[2m | src/hooks/useDrawer.test.jsx
[22m[39m[dotenv@17.3.1] injecting env (36) from ..\env\.env.test -- tip: ΓÜÖ∩╕Å  specify custom .env file path with { path: '/custom/path/.env' }

[90mstdout[2m | src/contexts/AuthContext.test.jsx
[22m[39m[dotenv@17.3.1] injecting env (36) from ..\env\.env.test -- tip: ΓÜÖ∩╕Å  override existing env vars with { override: true }

[90mstdout[2m | src/contexts/AuthContext.test.jsx
[22m[39m[dotenv@17.3.1] injecting env (36) from ..\env\.env.test -- tip: ΓÜÖ∩╕Å  override existing env vars with { override: true }

[90mstdout[2m | src/components/charts/PieChart.test.jsx
[22m[39m[dotenv@17.3.1] injecting env (36) from ..\env\.env.test -- tip: ΓÜÖ∩╕Å  override existing env vars with { override: true }

[90mstdout[2m | src/components/charts/PieChart.test.jsx
[22m[39m[dotenv@17.3.1] injecting env (36) from ..\env\.env.test -- tip: ΓÜÖ∩╕Å  override existing env vars with { override: true }

[90mstdout[2m | src/pages/LandingPage/components/SampleTestCasesContainer.test.jsx
[22m[39m[dotenv@17.3.1] injecting env (36) from ..\env\.env.test -- tip: ΓÜÖ∩╕Å  write to custom object with { processEnv: myObject }

[90mstdout[2m | src/pages/LandingPage/components/SampleTestCasesContainer.test.jsx
[22m[39m[dotenv@17.3.1] injecting env (36) from ..\env\.env.test -- tip: ΓÜÖ∩╕Å  write to custom object with { processEnv: myObject }

[90mstdout[2m | src/components/charts/LineChart.test.jsx
[22m[39m[dotenv@17.3.1] injecting env (36) from ..\env\.env.test -- tip: ≡ƒöÉ prevent building .env in docker: https://dotenvx.com/prebuild

[90mstdout[2m | src/components/charts/LineChart.test.jsx
[22m[39m[dotenv@17.3.1] injecting env (36) from ..\env\.env.test -- tip: ≡ƒöÉ prevent building .env in docker: https://dotenvx.com/prebuild

[90mstdout[2m | src/components/common/Switch.test.jsx
[22m[39m[dotenv@17.3.1] injecting env (36) from ..\env\.env.test -- tip: ΓÜí∩╕Å secrets for agents: https://dotenvx.com/as2

[90mstdout[2m | src/components/common/Switch.test.jsx
[22m[39m[dotenv@17.3.1] injecting env (36) from ..\env\.env.test -- tip: ΓÜí∩╕Å secrets for agents: https://dotenvx.com/as2

 [32mΓ£ô[39m src/hooks/useDrawer.test.jsx[2m > [22museDrawer lifecycle[2m > [22mkeeps drawer mounted for the close animation duration[33m 994[2mms[22m[39m[35m 61 MB heap used[39m
 [32mΓ£ô[39m src/hooks/useDrawer.test.jsx [2m([22m[2m1 test[22m[2m)[22m[33m 1058[2mms[22m[39m[35m 61 MB heap used[39m
     [33m[2mΓ£ô[22m[39m keeps drawer mounted for the close animation duration [33m 994[2mms[22m[39m[35m 61 MB heap used[39m
node.exe : [90mstderr[2m | src/components/charts/LineChart.test.jsx[2m > 
[22m[2mLineChart[2m > [22m[2mrenders with basic line data
At line:1 char:1
+ & "C:\Program Files\nodejs/node.exe" "C:\Users\Areeb\AppData\Roaming\ ...
+ ~~~~~~~~~~~~~~~~~~~~~~~~~~~~~~~~~~~~~~~~~~~~~~~~~~~~~~~~~~~~~~~~~~~~~
    + CategoryInfo          : NotSpecified: ([90mstderr[2m...basic line data 
   :String) [], RemoteException
    + FullyQualifiedErrorId : NativeCommandError
 
[22m[39mReact does not recognize the `xAxis` prop on a DOM element. If you 
intentionally want it to appear in the DOM as a custom attribute, spell it as 
lowercase `xaxis` instead. If you accidentally passed it from a parent 
component, remove it from the DOM element.
React does not recognize the `slotProps` prop on a DOM element. If you 
intentionally want it to appear in the DOM as a custom attribute, spell it as 
lowercase `slotprops` instead. If you accidentally passed it from a parent 
component, remove it from the DOM element.

[90mstderr[2m | src/components/charts/LineChart.test.jsx[2m > 
[22m[2mLineChart[2m > [22m[2mrenders with basic line data
[22m[39mReact does not recognize the `xAxis` prop on a DOM element. If you 
intentionally want it to appear in the DOM as a custom attribute, spell it as 
lowercase `xaxis` instead. If you accidentally passed it from a parent 
component, remove it from the DOM element.
React does not recognize the `slotProps` prop on a DOM element. If you 
intentionally want it to appear in the DOM as a custom attribute, spell it as 
lowercase `slotprops` instead. If you accidentally passed it from a parent 
component, remove it from the DOM element.

[90mstderr[2m | src/components/charts/PieChart.test.jsx[2m > 
[22m[2mPieChart[2m > [22m[2mrenders and matches snapshot
[22m[39mReact does not recognize the `slotProps` prop on a DOM element. If 
you intentionally want it to appear in the DOM as a custom attribute, spell it 
as lowercase `slotprops` instead. If you accidentally passed it from a parent 
component, remove it from the DOM element.

[90mstderr[2m | src/components/charts/PieChart.test.jsx[2m > 
[22m[2mPieChart[2m > [22m[2mrenders and matches snapshot
[22m[39mReact does not recognize the `slotProps` prop on a DOM element. If 
you intentionally want it to appear in the DOM as a custom attribute, spell it 
as lowercase `slotprops` instead. If you accidentally passed it from a parent 
component, remove it from the DOM element.

 [32mΓ£ô[39m src/components/charts/LineChart.test.jsx[2m > [22mLineChart[2m > [22mrenders with basic line data[33m 422[2mms[22m[39m[35m 33 MB heap used[39m
 [32mΓ£ô[39m src/components/charts/LineChart.test.jsx[2m > [22mLineChart[2m > [22mrenders with confidence interval band[32m 53[2mms[22m[39m[35m 33 MB heap used[39m
 [32mΓ£ô[39m src/components/charts/PieChart.test.jsx[2m > [22mPieChart[2m > [22mrenders and matches snapshot[33m 658[2mms[22m[39m[35m 60 MB heap used[39m
 [32mΓ£ô[39m src/components/charts/PieChart.test.jsx [2m([22m[2m1 test[22m[2m)[22m[33m 724[2mms[22m[39m[35m 60 MB heap used[39m
     [33m[2mΓ£ô[22m[39m renders and matches snapshot [33m 658[2mms[22m[39m[35m 60 MB heap used[39m
 [32mΓ£ô[39m src/components/charts/LineChart.test.jsx[2m > [22mLineChart[2m > [22mrenders empty state when data is empty[32m 263[2mms[22m[39m[35m 35 MB heap used[39m
 [32mΓ£ô[39m src/components/charts/LineChart.test.jsx[2m > [22mLineChart[2m > [22mapplies aria label when provided[32m 51[2mms[22m[39m[35m 35 MB heap used[39m
 [32mΓ£ô[39m src/components/charts/LineChart.test.jsx [2m([22m[2m4 tests[22m[2m)[22m[33m 823[2mms[22m[39m[35m 35 MB heap used[39m
     [33m[2mΓ£ô[22m[39m renders with basic line data [33m 422[2mms[22m[39m[35m 33 MB heap used[39m
 [32mΓ£ô[39m src/components/common/ChartWrapper.test.jsx[2m > [22mChartContainer[2m > [22mapplies default height and minHeight[33m 345[2mms[22m[39m[35m 38 MB heap used[39m
 [32mΓ£ô[39m src/components/common/ChartWrapper.test.jsx[2m > [22mChartContainer[2m > [22mhonors explicit height prop[32m 40[2mms[22m[39m[35m 38 MB heap used[39m
 [32mΓ£ô[39m src/components/common/ChartWrapper.test.jsx [2m([22m[2m2 tests[22m[2m)[22m[33m 441[2mms[22m[39m[35m 38 MB heap used[39m
     [33m[2mΓ£ô[22m[39m applies default height and minHeight [33m 345[2mms[22m[39m[35m 38 MB heap used[39m
[90mstdout[2m | src/features/assessments/utils.test.js
[22m[39m[dotenv@17.3.1] injecting env (36) from ..\env\.env.test -- tip: ≡ƒöÉ prevent committing .env to code: https://dotenvx.com/precommit

[90mstdout[2m | src/features/assessments/utils.test.js
[22m[39m[dotenv@17.3.1] injecting env (36) from ..\env\.env.test -- tip: ≡ƒöÉ prevent committing .env to code: https://dotenvx.com/precommit

 [32mΓ£ô[39m src/features/assessments/utils.test.js[2m > [22massessment utils sorting[2m > [22mcomputes average scores consistently[32m 3[2mms[22m[39m[35m 47 MB heap used[39m
 [32mΓ£ô[39m src/features/assessments/utils.test.js[2m > [22massessment utils sorting[2m > [22msorts descending by average score[32m 1[2mms[22m[39m[35m 47 MB heap used[39m
 [32mΓ£ô[39m src/features/assessments/utils.test.js[2m > [22massessment utils sorting[2m > [22msorts ascending by average score[32m 0[2mms[22m[39m[35m 47 MB heap used[39m
 [32mΓ£ô[39m src/features/assessments/utils.test.js[2m > [22mreconstructScoringResult[2m > [22mreturns null for null input[32m 1[2mms[22m[39m[35m 47 MB heap used[39m
 [32mΓ£ô[39m src/features/assessments/utils.test.js[2m > [22mreconstructScoringResult[2m > [22mreturns null for undefined input[32m 0[2mms[22m[39m[35m 47 MB heap used[39m
 [32mΓ£ô[39m src/features/assessments/utils.test.js[2m > [22mreconstructScoringResult[2m > [22mreturns result_json directly when present[32m 0[2mms[22m[39m[35m 47 MB heap used[39m
 [32mΓ£ô[39m src/features/assessments/utils.test.js[2m > [22mreconstructScoringResult[2m > [22mfallback: reconstructs overall_score from column[32m 0[2mms[22m[39m[35m 48 MB heap used[39m
 [32mΓ£ô[39m src/features/assessments/utils.test.js[2m > [22mreconstructScoringResult[2m > [22mfallback: reconstructs derived_metrics from promoted columns[32m 0[2mms[22m[39m[35m 47 MB heap used[39m
 [32mΓ£ô[39m src/features/assessments/utils.test.js[2m > [22mreconstructScoringResult[2m > [22mfallback: metadata prefers individual columns over metadata blob[32m 0[2mms[22m[39m[35m 48 MB heap used[39m
 [32mΓ£ô[39m src/features/assessments/utils.test.js[2m > [22mreconstructScoringResult[2m > [22mfallback: new enrichment fields are mapped from columns[32m 1[2mms[22m[39m[35m 48 MB heap used[39m
 [32mΓ£ô[39m src/features/assessments/utils.test.js[2m > [22mreconstructScoringResult[2m > [22mfallback: new enrichment fields fall back to result_json blob if columns are null[32m 0[2mms[22m[39m[35m 48 MB heap used[39m
 [32mΓ£ô[39m src/features/assessments/utils.test.js[2m > [22mreconstructScoringResult[2m > [22mfallback: context is mapped correctly[32m 0[2mms[22m[39m[35m 48 MB heap used[39m
 [32mΓ£ô[39m src/features/assessments/utils.test.js[2m > [22mreconstructScoringResult[2m > [22mfallback: processing_info is an empty object (not stored)[32m 0[2mms[22m[39m[35m 48 MB heap used[39m
 [32mΓ£ô[39m src/features/assessments/utils.test.js [2m([22m[2m13 tests[22m[2m)[22m[32m 11[2mms[22m[39m[35m 48 MB heap used[39m
[90mstdout[2m | src/features/session/AppSessionManager.test.jsx
[22m[39m

[90mstdout[2m | src/features/session/AppSessionManager.test.jsx
[22m[39m

[90mstdout[2m | src/components/common/Switch.test.jsx
[22m[39m

[90mstdout[2m | src/components/common/Switch.test.jsx
[22m[39m

[90mstdout[2m | src/components/common/Button.test.jsx
[22m[39m[dotenv@17.3.1] injecting env (36) from ..\env\.env.test -- tip: ≡ƒñû agentic secret storage: https://dotenvx.com/as2

[90mstdout[2m | src/components/common/Button.test.jsx
[22m[39m[dotenv@17.3.1] injecting env (36) from ..\env\.env.test -- tip: ≡ƒñû agentic secret storage: https://dotenvx.com/as2

[90mstdout[2m | src/components/dialogs/SessionRestoreDialog.test.jsx
[22m[39m[dotenv@17.3.1] injecting env (36) from ..\env\.env.test -- tip: ≡ƒöÉ prevent committing .env to code: https://dotenvx.com/precommit

[90mstdout[2m | src/components/dialogs/SessionRestoreDialog.test.jsx
[22m[39m[dotenv@17.3.1] injecting env (36) from ..\env\.env.test -- tip: ≡ƒöÉ prevent committing .env to code: https://dotenvx.com/precommit

 [32mΓ£ô[39m src/contexts/AuthContext.test.jsx[2m > [22mAuthProvider (init behavior)[2m > [22msets authLoading to false promptly even if profile fetch is slow[33m 526[2mms[22m[39m[35m 35 MB heap used[39m
 [32mΓ£ô[39m src/features/session/AppSessionManager.test.jsx[2m > [22mAppSessionManager (pending-save post-login)[2m > [22mdoes NOT automatically open SaveAssessmentDialog after login (user must click Save)[33m 334[2mms[22m[39m[35m 48 MB heap used[39m
 [32mΓ£ô[39m src/features/session/AppSessionManager.test.jsx[2m > [22mAppSessionManager (pending-save post-login)[2m > [22mdoes NOT show SessionRestoreDialog when user is viewing /results with session.results present[32m 105[2mms[22m[39m[35m 49 MB heap used[39m
 [32mΓ£ô[39m src/features/session/AppSessionManager.test.jsx[2m > [22mAppSessionManager (pending-save post-login)[2m > [22mdoes NOT open session-restore prompt for inputs-only persisted sessions[32m 89[2mms[22m[39m[35m 49 MB heap used[39m
 [32mΓ£ô[39m src/contexts/AuthContext.test.jsx[2m > [22mAuthProvider (init behavior)[2m > [22mdoes NOT mutate persisted session state on auth init[33m 533[2mms[22m[39m[35m 37 MB heap used[39m
 [32mΓ£ô[39m src/contexts/AuthContext.test.jsx[2m > [22mAuthProvider (init behavior)[2m > [22mleaves persisted session state unchanged on auth init when only inputs/results exist[32m 65[2mms[22m[39m[35m 37 MB heap used[39m
 [32mΓ£ô[39m src/contexts/AuthContext.test.jsx [2m([22m[2m3 tests[22m[2m)[22m[33m 1174[2mms[22m[39m[35m 37 MB heap used[39m
     [33m[2mΓ£ô[22m[39m sets authLoading to false promptly even if profile fetch is slow [33m 526[2mms[22m[39m[35m 35 MB heap used[39m
     [33m[2mΓ£ô[22m[39m does NOT mutate persisted session state on auth init [33m 533[2mms[22m[39m[35m 37 MB heap used[39m
 [32mΓ£ô[39m src/features/session/AppSessionManager.test.jsx[2m > [22mAppSessionManager (pending-save post-login)[2m > [22mshows toast when page loads on home and inputs exist[32m 107[2mms[22m[39m[35m 50 MB heap used[39m
[90mstdout[2m | src/pages/MyAssessmentsPage/sortUtils.test.js
[22m[39m[dotenv@17.3.1] injecting env (36) from ..\env\.env.test -- tip: ΓÜí∩╕Å secrets for agents: https://dotenvx.com/as2

[90mstdout[2m | src/pages/MyAssessmentsPage/sortUtils.test.js
[22m[39m[dotenv@17.3.1] injecting env (36) from ..\env\.env.test -- tip: ΓÜí∩╕Å secrets for agents: https://dotenvx.com/as2

 [32mΓ£ô[39m src/features/session/AppSessionManager.test.jsx[2m > [22mAppSessionManager (pending-save post-login)[2m > [22mshows toast when navigating to home via SPA after initial load[33m 1598[2mms[22m[39m[35m 51 MB heap used[39m
 [32mΓ£ô[39m src/features/session/AppSessionManager.test.jsx [2m([22m[2m5 tests[22m[2m)[22m[33m 2264[2mms[22m[39m[35m 51 MB heap used[39m
     [33m[2mΓ£ô[22m[39m does NOT automatically open SaveAssessmentDialog after login (user must click Save) [33m 334[2mms[22m[39m[35m 48 MB heap used[39m
     [33m[2mΓ£ô[22m[39m shows toast when navigating to home via SPA after initial load [33m 1598[2mms[22m[39m[35m 51 MB heap used[39m
 [32mΓ£ô[39m src/pages/MyAssessmentsPage/sortUtils.test.js[2m > [22mparseSortBy[2m > [22mparses descending date by default[32m 20[2mms[22m[39m[35m 47 MB heap used[39m
 [32mΓ£ô[39m src/pages/MyAssessmentsPage/sortUtils.test.js[2m > [22mparseSortBy[2m > [22mparses ascending title[32m 4[2mms[22m[39m[35m 47 MB heap used[39m
 [32mΓ£ô[39m src/pages/MyAssessmentsPage/sortUtils.test.js[2m > [22mparseSortBy[2m > [22mhandles single-word sorts gracefully[32m 1[2mms[22m[39m[35m 47 MB heap used[39m
 [32mΓ£ô[39m src/pages/MyAssessmentsPage/sortUtils.test.js [2m([22m[2m3 tests[22m[2m)[22m[32m 39[2mms[22m[39m[35m 47 MB heap used[39m
[90mstdout[2m | src/lib/storage.test.js
[22m[39m[dotenv@17.3.1] injecting env (36) from ..\env\.env.test -- tip: ΓÜÖ∩╕Å  load multiple .env files with { path: ['.env.local', '.env'] }

[90mstdout[2m | src/lib/storage.test.js
[22m[39m[dotenv@17.3.1] injecting env (36) from ..\env\.env.test -- tip: ΓÜÖ∩╕Å  load multiple .env files with { path: ['.env.local', '.env'] }

 [32mΓ£ô[39m src/lib/storage.test.js[2m > [22msaveEvaluationState persists empty strings when clearing inputs[32m 18[2mms[22m[39m[35m 48 MB heap used[39m
 [32mΓ£ô[39m src/lib/storage.test.js[2m > [22msaveEvaluationState preserves unspecified fields and accepts empty evaluationParameters object[32m 5[2mms[22m[39m[35m 48 MB heap used[39m
 [32mΓ£ô[39m src/lib/storage.test.js[2m > [22mclearEvaluationState removes stored session[32m 4[2mms[22m[39m[35m 48 MB heap used[39m
 [32mΓ£ô[39m src/lib/storage.test.js[2m > [22msaveEvaluationState enriches a newly-saved result with snapshot inputs (if missing)[32m 7[2mms[22m[39m[35m 49 MB heap used[39m
 [32mΓ£ô[39m src/lib/storage.test.js[2m > [22msaveEvaluationState does NOT overwrite existing results when only inputs change[32m 4[2mms[22m[39m[35m 49 MB heap used[39m
 [32mΓ£ô[39m src/lib/storage.test.js [2m([22m[2m5 tests[22m[2m)[22m[32m 49[2mms[22m[39m[35m 49 MB heap used[39m
[90mstdout[2m | src/pages/LandingPage/components/SampleTestCasesContainer.test.jsx
[22m[39m

[90mstdout[2m | src/pages/LandingPage/components/SampleTestCasesContainer.test.jsx
[22m[39m

[90mstdout[2m | src/lib/formatting.test.js
[22m[39m[dotenv@17.3.1] injecting env (36) from ..\env\.env.test -- tip: ΓÜÖ∩╕Å  override existing env vars with { override: true }

[90mstdout[2m | src/lib/formatting.test.js
[22m[39m[dotenv@17.3.1] injecting env (36) from ..\env\.env.test -- tip: ΓÜÖ∩╕Å  override existing env vars with { override: true }

 [32mΓ£ô[39m src/lib/formatting.test.js[2m > [22mtitleize[2m > [22mconverts snake_case to Title Case[32m 3[2mms[22m[39m[35m 47 MB heap used[39m
 [32mΓ£ô[39m src/lib/formatting.test.js[2m > [22mtitleize[2m > [22mhandles empty input[32m 0[2mms[22m[39m[35m 47 MB heap used[39m
 [32mΓ£ô[39m src/lib/formatting.test.js [2m([22m[2m2 tests[22m[2m)[22m[32m 6[2mms[22m[39m[35m 47 MB heap used[39m
 [32mΓ£ô[39m src/components/common/Switch.test.jsx[2m > [22mSwitch (wrapper)[2m > [22mexposes HeroUI subcomponents and forwards props[32m 195[2mms[22m[39m[35m 72 MB heap used[39m
 [32mΓ£ô[39m src/components/common/Switch.test.jsx[2m > [22mSwitch (wrapper)[2m > [22mapplies public variant colors and icon automatically[32m 69[2mms[22m[39m[35m 74 MB heap used[39m
 [32mΓ£ô[39m src/components/common/Switch.test.jsx[2m > [22mSwitch (wrapper)[2m > [22mcomputes different icon sizes for md and lg[32m 36[2mms[22m[39m[35m 75 MB heap used[39m
 [32mΓ£ô[39m src/components/common/Switch.test.jsx [2m([22m[2m3 tests[22m[2m)[22m[33m 318[2mms[22m[39m[35m 75 MB heap used[39m
 [32mΓ£ô[39m src/pages/LandingPage/components/SampleTestCasesContainer.test.jsx[2m > [22mSampleTestCasesContainer[2m > [22mupdates form values and persists session when a test case is selected[33m 683[2mms[22m[39m[35m 66 MB heap used[39m
 [32mΓ£ô[39m src/pages/LandingPage/components/SampleTestCasesContainer.test.jsx [2m([22m[2m1 test[22m[2m)[22m[33m 696[2mms[22m[39m[35m 66 MB heap used[39m
     [33m[2mΓ£ô[22m[39m updates form values and persists session when a test case is selected [33m 683[2mms[22m[39m[35m 66 MB heap used[39m
[90mstdout[2m | src/components/common/Button.test.jsx
[22m[39m

[90mstdout[2m | src/components/common/Button.test.jsx
[22m[39m

[90mstdout[2m | src/components/dialogs/SessionRestoreDialog.test.jsx
[22m[39m

[90mstdout[2m | src/components/dialogs/SessionRestoreDialog.test.jsx
[22m[39m

 [32mΓ£ô[39m src/components/common/Button.test.jsx[2m > [22mButton (wrapper)[2m > [22mrenders disabled Button and exposes disabled data/aria attributes and cursor class[33m 316[2mms[22m[39m[35m 69 MB heap used[39m
 [32mΓ£ô[39m src/components/common/Button.test.jsx [2m([22m[2m1 test[22m[2m)[22m[33m 329[2mms[22m[39m[35m 69 MB heap used[39m
     [33m[2mΓ£ô[22m[39m renders disabled Button and exposes disabled data/aria attributes and cursor class [33m 316[2mms[22m[39m[35m 69 MB heap used[39m
[90mstderr[2m | src/components/dialogs/SessionRestoreDialog.test.jsx[2m > 
[22m[2mSessionRestoreDialog[2m > [22m[2mdoes not render a "Restore 
Inputs" button (inputs are auto-synced)
[22m[39mUnknown event handler property `onPress`. It will be ignored.

[90mstderr[2m | src/components/dialogs/SessionRestoreDialog.test.jsx[2m > 
[22m[2mSessionRestoreDialog[2m > [22m[2mdoes not render a "Restore 
Inputs" button (inputs are auto-synced)
[22m[39mUnknown event handler property `onPress`. It will be ignored.

 [32mΓ£ô[39m src/components/dialogs/SessionRestoreDialog.test.jsx[2m > [22mSessionRestoreDialog[2m > [22mdoes not render a "Restore Inputs" button (inputs are auto-synced)[32m 140[2mms[22m[39m[35m 82 MB heap used[39m
 [32mΓ£ô[39m src/components/dialogs/SessionRestoreDialog.test.jsx[2m > [22mSessionRestoreDialog[2m > [22mshows Restore Results when results exist and still no Restore Inputs button[32m 34[2mms[22m[39m[35m 84 MB heap used[39m
 [32mΓ£ô[39m src/components/dialogs/SessionRestoreDialog.test.jsx[2m > [22mSessionRestoreDialog[2m > [22mdoes not call onDismiss when user clicks cancel[32m 33[2mms[22m[39m[35m 85 MB heap used[39m
 [32mΓ£ô[39m src/components/dialogs/SessionRestoreDialog.test.jsx [2m([22m[2m3 tests[22m[2m)[22m[32m 219[2mms[22m[39m[35m 85 MB heap used[39m

[2m Test Files [22m [1m[32m15 passed[39m[22m[90m (15)[39m
[2m      Tests [22m [1m[32m49 passed[39m[22m[90m (49)[39m
[2m   Start at [22m 00:28:09
[2m   Duration [22m 62.08s[2m (transform 34.18s, setup 74.35s, import 147.89s, tests 10.53s, environment 77.41s)[22m


[2m Test Files [22m [1m[32m15 passed[39m[22m[90m (15)[39m
[2m      Tests [22m [1m[32m49 passed[39m[22m[90m (49)[39m
[2m   Start at [22m 00:28:09
[2m   Duration [22m 62.08s[2m (transform 34.18s, setup 74.35s, import 147.89s, tests 10.53s, environment 77.41s)[22m

[1m[42m PASS [49m[22m [32mWaiting for file changes...[39m
       [2mpress [22m[1mh[22m[2m to show help[22m[2m, [22m[2mpress [22m[1mq[22m[2m to quit[22m
[1m[42m PASS [49m[22m [32mWaiting for file changes...[39m
       [2mpress [22m[1mh[22m[2m to show help[22m[2m, [22m[2mpress [22m[1mq[22m[2m to quit[22m
c[3J[1m[44m RERUN [49m[22m [34m[2msrc/setupTests.js [22m[39m

c[3J[1m[44m RERUN [49m[22m [34m[2msrc/setupTests.js [22m[39m

[90mstdout[2m | src/components/charts/PieChart.test.jsx
[22m[39m[dotenv@17.3.1] injecting env (36) from ..\env\.env.test -- tip: ΓÜÖ∩╕Å  load multiple .env files with { path: ['.env.local', '.env'] }

[90mstdout[2m | src/components/charts/PieChart.test.jsx
[22m[39m[dotenv@17.3.1] injecting env (36) from ..\env\.env.test -- tip: ΓÜÖ∩╕Å  load multiple .env files with { path: ['.env.local', '.env'] }

[90mstdout[2m | src/hooks/useDrawer.test.jsx
[22m[39m[dotenv@17.3.1] injecting env (36) from ..\env\.env.test -- tip: ΓÜÖ∩╕Å  specify custom .env file path with { path: '/custom/path/.env' }

[90mstdout[2m | src/hooks/useDrawer.test.jsx
[22m[39m[dotenv@17.3.1] injecting env (36) from ..\env\.env.test -- tip: ΓÜÖ∩╕Å  specify custom .env file path with { path: '/custom/path/.env' }

[90mstdout[2m | src/contexts/AuthContext.test.jsx
[22m[39m[dotenv@17.3.1] injecting env (36) from ..\env\.env.test -- tip: ΓÜÖ∩╕Å  enable debug logging with { debug: true }

[90mstdout[2m | src/contexts/AuthContext.test.jsx
[22m[39m[dotenv@17.3.1] injecting env (36) from ..\env\.env.test -- tip: ΓÜÖ∩╕Å  enable debug logging with { debug: true }

[90mstdout[2m | src/components/charts/LineChart.test.jsx
[22m[39m[dotenv@17.3.1] injecting env (36) from ..\env\.env.test -- tip: ΓÜÖ∩╕Å  write to custom object with { processEnv: myObject }

[90mstdout[2m | src/components/charts/LineChart.test.jsx
[22m[39m[dotenv@17.3.1] injecting env (36) from ..\env\.env.test -- tip: ΓÜÖ∩╕Å  write to custom object with { processEnv: myObject }

[90mstdout[2m | src/features/session/AppSessionManager.test.jsx
[22m[39m[dotenv@17.3.1] injecting env (36) from ..\env\.env.test -- tip: ≡ƒñû agentic secret storage: https://dotenvx.com/as2

[90mstdout[2m | src/features/session/AppSessionManager.test.jsx
[22m[39m[dotenv@17.3.1] injecting env (36) from ..\env\.env.test -- tip: ≡ƒñû agentic secret storage: https://dotenvx.com/as2

[90mstderr[2m | src/components/charts/PieChart.test.jsx[2m > 
[22m[2mPieChart[2m > [22m[2mrenders and matches snapshot
[22m[39mReact does not recognize the `slotProps` prop on a DOM element. If 
you intentionally want it to appear in the DOM as a custom attribute, spell it 
as lowercase `slotprops` instead. If you accidentally passed it from a parent 
component, remove it from the DOM element.

[90mstderr[2m | src/components/charts/PieChart.test.jsx[2m > 
[22m[2mPieChart[2m > [22m[2mrenders and matches snapshot
[22m[39mReact does not recognize the `slotProps` prop on a DOM element. If 
you intentionally want it to appear in the DOM as a custom attribute, spell it 
as lowercase `slotprops` instead. If you accidentally passed it from a parent 
component, remove it from the DOM element.

 [32mΓ£ô[39m src/components/charts/PieChart.test.jsx[2m > [22mPieChart[2m > [22mrenders and matches snapshot[33m 3622[2mms[22m[39m[35m 35 MB heap used[39m
 [32mΓ£ô[39m src/components/charts/PieChart.test.jsx [2m([22m[2m1 test[22m[2m)[22m[33m 3866[2mms[22m[39m[35m 35 MB heap used[39m
     [33m[2mΓ£ô[22m[39m renders and matches snapshot [33m 3622[2mms[22m[39m[35m 35 MB heap used[39m
 [32mΓ£ô[39m src/hooks/useDrawer.test.jsx[2m > [22museDrawer lifecycle[2m > [22mkeeps drawer mounted for the close animation duration[33m 2117[2mms[22m[39m[35m 45 MB heap used[39m
 [32mΓ£ô[39m src/hooks/useDrawer.test.jsx [2m([22m[2m1 test[22m[2m)[22m[33m 2632[2mms[22m[39m[35m 45 MB heap used[39m
     [33m[2mΓ£ô[22m[39m keeps drawer mounted for the close animation duration [33m 2117[2mms[22m[39m[35m 45 MB heap used[39m
[90mstdout[2m | src/pages/LandingPage/components/SampleTestCasesContainer.test.jsx
[22m[39m[dotenv@17.3.1] injecting env (36) from ..\env\.env.test -- tip: ΓÜÖ∩╕Å  suppress all logs with { quiet: true }

[90mstdout[2m | src/pages/LandingPage/components/SampleTestCasesContainer.test.jsx
[22m[39m[dotenv@17.3.1] injecting env (36) from ..\env\.env.test -- tip: ΓÜÖ∩╕Å  suppress all logs with { quiet: true }

[90mstderr[2m | src/components/charts/LineChart.test.jsx[2m > 
[22m[2mLineChart[2m > [22m[2mrenders with basic line data
[22m[39mReact does not recognize the `xAxis` prop on a DOM element. If you 
intentionally want it to appear in the DOM as a custom attribute, spell it as 
lowercase `xaxis` instead. If you accidentally passed it from a parent 
component, remove it from the DOM element.
React does not recognize the `slotProps` prop on a DOM element. If you 
intentionally want it to appear in the DOM as a custom attribute, spell it as 
lowercase `slotprops` instead. If you accidentally passed it from a parent 
component, remove it from the DOM element.

[90mstderr[2m | src/components/charts/LineChart.test.jsx[2m > 
[22m[2mLineChart[2m > [22m[2mrenders with basic line data
[22m[39mReact does not recognize the `xAxis` prop on a DOM element. If you 
intentionally want it to appear in the DOM as a custom attribute, spell it as 
lowercase `xaxis` instead. If you accidentally passed it from a parent 
component, remove it from the DOM element.
React does not recognize the `slotProps` prop on a DOM element. If you 
intentionally want it to appear in the DOM as a custom attribute, spell it as 
lowercase `slotprops` instead. If you accidentally passed it from a parent 
component, remove it from the DOM element.

 [32mΓ£ô[39m src/components/charts/LineChart.test.jsx[2m > [22mLineChart[2m > [22mrenders with basic line data[32m 59[2mms[22m[39m[35m 33 MB heap used[39m
 [32mΓ£ô[39m src/components/charts/LineChart.test.jsx[2m > [22mLineChart[2m > [22mrenders with confidence interval band[32m 43[2mms[22m[39m[35m 34 MB heap used[39m
 [32mΓ£ô[39m src/components/charts/LineChart.test.jsx[2m > [22mLineChart[2m > [22mrenders empty state when data is empty[32m 270[2mms[22m[39m[35m 35 MB heap used[39m
 [32mΓ£ô[39m src/components/charts/LineChart.test.jsx[2m > [22mLineChart[2m > [22mapplies aria label when provided[32m 92[2mms[22m[39m[35m 34 MB heap used[39m
 [32mΓ£ô[39m src/components/charts/LineChart.test.jsx [2m([22m[2m4 tests[22m[2m)[22m[33m 469[2mms[22m[39m[35m 34 MB heap used[39m
 [32mΓ£ô[39m src/contexts/AuthContext.test.jsx[2m > [22mAuthProvider (init behavior)[2m > [22msets authLoading to false promptly even if profile fetch is slow[33m 427[2mms[22m[39m[35m 50 MB heap used[39m
[90mstdout[2m | src/features/assessments/hooks/useFeaturedSolutions.test.jsx
[22m[39m[dotenv@17.3.1] injecting env (36) from ..\env\.env.test -- tip: ≡ƒöÉ prevent building .env in docker: https://dotenvx.com/prebuild

[90mstdout[2m | src/features/assessments/hooks/useFeaturedSolutions.test.jsx
[22m[39m[dotenv@17.3.1] injecting env (36) from ..\env\.env.test -- tip: ≡ƒöÉ prevent building .env in docker: https://dotenvx.com/prebuild

[90mstdout[2m | src/components/common/ChartWrapper.test.jsx
[22m[39m[dotenv@17.3.1] injecting env (36) from ..\env\.env.test -- tip: ≡ƒñû agentic secret storage: https://dotenvx.com/as2

[90mstdout[2m | src/components/common/ChartWrapper.test.jsx
[22m[39m[dotenv@17.3.1] injecting env (36) from ..\env\.env.test -- tip: ≡ƒñû agentic secret storage: https://dotenvx.com/as2

 [32mΓ£ô[39m src/contexts/AuthContext.test.jsx[2m > [22mAuthProvider (init behavior)[2m > [22mdoes NOT mutate persisted session state on auth init[33m 2291[2mms[22m[39m[35m 52 MB heap used[39m
 [32mΓ£ô[39m src/contexts/AuthContext.test.jsx[2m > [22mAuthProvider (init behavior)[2m > [22mleaves persisted session state unchanged on auth init when only inputs/results exist[32m 11[2mms[22m[39m[35m 53 MB heap used[39m
 [32mΓ£ô[39m src/contexts/AuthContext.test.jsx [2m([22m[2m3 tests[22m[2m)[22m[33m 2733[2mms[22m[39m[35m 53 MB heap used[39m
     [33m[2mΓ£ô[22m[39m sets authLoading to false promptly even if profile fetch is slow [33m 427[2mms[22m[39m[35m 50 MB heap used[39m
     [33m[2mΓ£ô[22m[39m does NOT mutate persisted session state on auth init [33m 2291[2mms[22m[39m[35m 52 MB heap used[39m
[90mstdout[2m | src/lib/storage.test.js
[22m[39m[dotenv@17.3.1] injecting env (36) from ..\env\.env.test -- tip: ≡ƒ¢í∩╕Å auth for agents: https://vestauth.com

[90mstdout[2m | src/lib/storage.test.js
[22m[39m[dotenv@17.3.1] injecting env (36) from ..\env\.env.test -- tip: ≡ƒ¢í∩╕Å auth for agents: https://vestauth.com

 [32mΓ£ô[39m src/lib/storage.test.js[2m > [22msaveEvaluationState persists empty strings when clearing inputs[32m 3[2mms[22m[39m[35m 49 MB heap used[39m
 [32mΓ£ô[39m src/lib/storage.test.js[2m > [22msaveEvaluationState preserves unspecified fields and accepts empty evaluationParameters object[32m 1[2mms[22m[39m[35m 49 MB heap used[39m
 [32mΓ£ô[39m src/lib/storage.test.js[2m > [22mclearEvaluationState removes stored session[32m 1[2mms[22m[39m[35m 49 MB heap used[39m
 [32mΓ£ô[39m src/lib/storage.test.js[2m > [22msaveEvaluationState enriches a newly-saved result with snapshot inputs (if missing)[32m 1[2mms[22m[39m[35m 49 MB heap used[39m
 [32mΓ£ô[39m src/lib/storage.test.js[2m > [22msaveEvaluationState does NOT overwrite existing results when only inputs change[32m 0[2mms[22m[39m[35m 49 MB heap used[39m
 [32mΓ£ô[39m src/lib/storage.test.js [2m([22m[2m5 tests[22m[2m)[22m[32m 8[2mms[22m[39m[35m 49 MB heap used[39m
[90mstdout[2m | src/pages/MyAssessmentsPage/sortUtils.test.js
[22m[39m[dotenv@17.3.1] injecting env (36) from ..\env\.env.test -- tip: ΓÜÖ∩╕Å  write to custom object with { processEnv: myObject }

[90mstdout[2m | src/pages/MyAssessmentsPage/sortUtils.test.js
[22m[39m[dotenv@17.3.1] injecting env (36) from ..\env\.env.test -- tip: ΓÜÖ∩╕Å  write to custom object with { processEnv: myObject }

 [32mΓ£ô[39m src/pages/MyAssessmentsPage/sortUtils.test.js[2m > [22mparseSortBy[2m > [22mparses descending date by default[32m 3[2mms[22m[39m[35m 48 MB heap used[39m
 [32mΓ£ô[39m src/pages/MyAssessmentsPage/sortUtils.test.js[2m > [22mparseSortBy[2m > [22mparses ascending title[32m 0[2mms[22m[39m[35m 48 MB heap used[39m
 [32mΓ£ô[39m src/pages/MyAssessmentsPage/sortUtils.test.js[2m > [22mparseSortBy[2m > [22mhandles single-word sorts gracefully[32m 0[2mms[22m[39m[35m 48 MB heap used[39m
 [32mΓ£ô[39m src/pages/MyAssessmentsPage/sortUtils.test.js [2m([22m[2m3 tests[22m[2m)[22m[32m 6[2mms[22m[39m[35m 48 MB heap used[39m
 [32mΓ£ô[39m src/features/assessments/hooks/useFeaturedSolutions.test.jsx[2m > [22museFeaturedSolutions[2m > [22mfetches featured solutions and exposes data[33m 3014[2mms[22m[39m[35m 41 MB heap used[39m
 [32mΓ£ô[39m src/features/assessments/hooks/useFeaturedSolutions.test.jsx[2m > [22museFeaturedSolutions[2m > [22mpasses industry to API when provided[33m 565[2mms[22m[39m[35m 42 MB heap used[39m
 [32mΓ£ô[39m src/features/assessments/hooks/useFeaturedSolutions.test.jsx [2m([22m[2m2 tests[22m[2m)[22m[33m 3826[2mms[22m[39m[35m 42 MB heap used[39m
     [33m[2mΓ£ô[22m[39m fetches featured solutions and exposes data [33m 3014[2mms[22m[39m[35m 41 MB heap used[39m
     [33m[2mΓ£ô[22m[39m passes industry to API when provided [33m 565[2mms[22m[39m[35m 42 MB heap used[39m
[90mstdout[2m | src/components/dialogs/SessionRestoreDialog.test.jsx
[22m[39m[dotenv@17.3.1] injecting env (36) from ..\env\.env.test -- tip: ΓÜÖ∩╕Å  enable debug logging with { debug: true }

[90mstdout[2m | src/components/dialogs/SessionRestoreDialog.test.jsx
[22m[39m[dotenv@17.3.1] injecting env (36) from ..\env\.env.test -- tip: ΓÜÖ∩╕Å  enable debug logging with { debug: true }

[90mstdout[2m | src/features/assessments/utils.test.js
[22m[39m[dotenv@17.3.1] injecting env (36) from ..\env\.env.test -- tip: ≡ƒ¢á∩╕Å  run anywhere with `dotenvx run -- yourcommand`

[90mstdout[2m | src/features/assessments/utils.test.js
[22m[39m[dotenv@17.3.1] injecting env (36) from ..\env\.env.test -- tip: ≡ƒ¢á∩╕Å  run anywhere with `dotenvx run -- yourcommand`

 [32mΓ£ô[39m src/features/assessments/utils.test.js[2m > [22massessment utils sorting[2m > [22mcomputes average scores consistently[32m 3[2mms[22m[39m[35m 46 MB heap used[39m
 [32mΓ£ô[39m src/features/assessments/utils.test.js[2m > [22massessment utils sorting[2m > [22msorts descending by average score[32m 2[2mms[22m[39m[35m 47 MB heap used[39m
 [32mΓ£ô[39m src/features/assessments/utils.test.js[2m > [22massessment utils sorting[2m > [22msorts ascending by average score[32m 1[2mms[22m[39m[35m 47 MB heap used[39m
 [32mΓ£ô[39m src/features/assessments/utils.test.js[2m > [22mreconstructScoringResult[2m > [22mreturns null for null input[32m 1[2mms[22m[39m[35m 47 MB heap used[39m
 [32mΓ£ô[39m src/features/assessments/utils.test.js[2m > [22mreconstructScoringResult[2m > [22mreturns null for undefined input[32m 0[2mms[22m[39m[35m 47 MB heap used[39m
 [32mΓ£ô[39m src/features/assessments/utils.test.js[2m > [22mreconstructScoringResult[2m > [22mreturns result_json directly when present[32m 0[2mms[22m[39m[35m 47 MB heap used[39m
 [32mΓ£ô[39m src/features/assessments/utils.test.js[2m > [22mreconstructScoringResult[2m > [22mfallback: reconstructs overall_score from column[32m 0[2mms[22m[39m[35m 47 MB heap used[39m
 [32mΓ£ô[39m src/features/assessments/utils.test.js[2m > [22mreconstructScoringResult[2m > [22mfallback: reconstructs derived_metrics from promoted columns[32m 0[2mms[22m[39m[35m 47 MB heap used[39m
 [32mΓ£ô[39m src/features/assessments/utils.test.js[2m > [22mreconstructScoringResult[2m > [22mfallback: metadata prefers individual columns over metadata blob[32m 0[2mms[22m[39m[35m 47 MB heap used[39m
 [32mΓ£ô[39m src/features/assessments/utils.test.js[2m > [22mreconstructScoringResult[2m > [22mfallback: new enrichment fields are mapped from columns[32m 1[2mms[22m[39m[35m 47 MB heap used[39m
 [32mΓ£ô[39m src/features/assessments/utils.test.js[2m > [22mreconstructScoringResult[2m > [22mfallback: new enrichment fields fall back to result_json blob if columns are null[32m 0[2mms[22m[39m[35m 47 MB heap used[39m
 [32mΓ£ô[39m src/features/assessments/utils.test.js[2m > [22mreconstructScoringResult[2m > [22mfallback: context is mapped correctly[32m 0[2mms[22m[39m[35m 47 MB heap used[39m
 [32mΓ£ô[39m src/features/assessments/utils.test.js[2m > [22mreconstructScoringResult[2m > [22mfallback: processing_info is an empty object (not stored)[32m 0[2mms[22m[39m[35m 47 MB heap used[39m
 [32mΓ£ô[39m src/features/assessments/utils.test.js [2m([22m[2m13 tests[22m[2m)[22m[32m 13[2mms[22m[39m[35m 47 MB heap used[39m
[90mstdout[2m | src/components/common/Switch.test.jsx
[22m[39m[dotenv@17.3.1] injecting env (36) from ..\env\.env.test -- tip: ΓÜÖ∩╕Å  load multiple .env files with { path: ['.env.local', '.env'] }

[90mstdout[2m | src/components/common/Switch.test.jsx
[22m[39m[dotenv@17.3.1] injecting env (36) from ..\env\.env.test -- tip: ΓÜÖ∩╕Å  load multiple .env files with { path: ['.env.local', '.env'] }

