
> backend@1.0.0 test
> node tests/run-tests.js

[dotenv@17.3.1] injecting env (37) from ..\env\.env.test -- tip: ≡ƒñû agentic secret storage: https://dotenvx.com/as2
Γ£ô Test environment loaded from C:\Iris\major proj\circular economy\env\.env.test
[dotenv@17.3.1] injecting env (0) from ..\env\.env.test -- tip: ≡ƒöÉ prevent building .env in docker: https://dotenvx.com/prebuild
Loaded environment variables from C:\Iris\major proj\circular economy\env\.env.test
{"level":40,"time":1774289926870,"pid":12156,"hostname":"DESKTOP-3QN8GJ6","err":{"type":"TypeError","message":"Cannot read properties of null (reading 'auth')","stack":"TypeError: Cannot read properties of null (reading 'auth')\n    at enforceAnonymousUsage (file:///C:/Iris/major%20proj/circular%20economy/backend/controllers/scoring.controller.js:78:50)\n    at TestContext.<anonymous> (file:///C:/Iris/major%20proj/circular%20economy/backend/tests/anonymous.test.js:43:26)\n    at Test.runInAsyncScope (node:async_hooks:214:14)\n    at Test.run (node:internal/test_runner/test:1106:25)\n    at Test.start (node:internal/test_runner/test:1003:17)\n    at startSubtestAfterBootstrap (node:internal/test_runner/harness:358:17)"},"msg":"Supabase auth.getUser failed when verifying token"}
Γ£ö anonymous usage allows up to MAX_FREE_TRIES then blocks (12.9294ms)
Γ£ö authenticated users bypass anonymous usage tracking (0.325ms)
Γ£ö tracking service error returns fail-closed response (1.7662ms)
{"level":30,"time":1774289926878,"pid":12156,"hostname":"DESKTOP-3QN8GJ6","ipPrefix":"127.0.0.1","uaPrefix":"test-agent","msg":"Anonymous request received"}
{"level":30,"time":1774289926878,"pid":12156,"hostname":"DESKTOP-3QN8GJ6","hashPrefix":"02d2c3e263","msg":"Calling check_and_increment_anonymous_usage"}
{"level":30,"time":1774289926878,"pid":12156,"hostname":"DESKTOP-3QN8GJ6","currentCount":1,"isAllowed":true,"msg":"Usage check result"}
{"level":30,"time":1774289926878,"pid":12156,"hostname":"DESKTOP-3QN8GJ6","currentCount":1,"limit":5,"msg":"Anonymous user allowed"}
{"level":40,"time":1774289926879,"pid":12156,"hostname":"DESKTOP-3QN8GJ6","err":{"type":"TypeError","message":"Cannot read properties of null (reading 'auth')","stack":"TypeError: Cannot read properties of null (reading 'auth')\n    at enforceAnonymousUsage (file:///C:/Iris/major%20proj/circular%20economy/backend/controllers/scoring.controller.js:78:50)\n    at TestContext.<anonymous> (file:///C:/Iris/major%20proj/circular%20economy/backend/tests/anonymous.test.js:43:26)\n    at async Test.run (node:internal/test_runner/test:1113:7)\n    at async startSubtestAfterBootstrap (node:internal/test_runner/harness:358:3)"},"msg":"Supabase auth.getUser failed when verifying token"}
{"level":30,"time":1774289926879,"pid":12156,"hostname":"DESKTOP-3QN8GJ6","ipPrefix":"127.0.0.1","uaPrefix":"test-agent","msg":"Anonymous request received"}
{"level":30,"time":1774289926879,"pid":12156,"hostname":"DESKTOP-3QN8GJ6","hashPrefix":"02d2c3e263","msg":"Calling check_and_increment_anonymous_usage"}
{"level":30,"time":1774289926879,"pid":12156,"hostname":"DESKTOP-3QN8GJ6","currentCount":2,"isAllowed":true,"msg":"Usage check result"}
{"level":30,"time":1774289926879,"pid":12156,"hostname":"DESKTOP-3QN8GJ6","currentCount":2,"limit":5,"msg":"Anonymous user allowed"}
{"level":40,"time":1774289926879,"pid":12156,"hostname":"DESKTOP-3QN8GJ6","err":{"type":"TypeError","message":"Cannot read properties of null (reading 'auth')","stack":"TypeError: Cannot read properties of null (reading 'auth')\n    at enforceAnonymousUsage (file:///C:/Iris/major%20proj/circular%20economy/backend/controllers/scoring.controller.js:78:50)\n    at TestContext.<anonymous> (file:///C:/Iris/major%20proj/circular%20economy/backend/tests/anonymous.test.js:43:26)\n    at async Test.run (node:internal/test_runner/test:1113:7)\n    at async startSubtestAfterBootstrap (node:internal/test_runner/harness:358:3)"},"msg":"Supabase auth.getUser failed when verifying token"}
{"level":30,"time":1774289926879,"pid":12156,"hostname":"DESKTOP-3QN8GJ6","ipPrefix":"127.0.0.1","uaPrefix":"test-agent","msg":"Anonymous request received"}
{"level":30,"time":1774289926879,"pid":12156,"hostname":"DESKTOP-3QN8GJ6","hashPrefix":"02d2c3e263","msg":"Calling check_and_increment_anonymous_usage"}
{"level":30,"time":1774289926879,"pid":12156,"hostname":"DESKTOP-3QN8GJ6","currentCount":3,"isAllowed":true,"msg":"Usage check result"}
{"level":30,"time":1774289926879,"pid":12156,"hostname":"DESKTOP-3QN8GJ6","currentCount":3,"limit":5,"msg":"Anonymous user allowed"}
{"level":40,"time":1774289926880,"pid":12156,"hostname":"DESKTOP-3QN8GJ6","err":{"type":"TypeError","message":"Cannot read properties of null (reading 'auth')","stack":"TypeError: Cannot read properties of null (reading 'auth')\n    at enforceAnonymousUsage (file:///C:/Iris/major%20proj/circular%20economy/backend/controllers/scoring.controller.js:78:50)\n    at TestContext.<anonymous> (file:///C:/Iris/major%20proj/circular%20economy/backend/tests/anonymous.test.js:43:26)\n    at async Test.run (node:internal/test_runner/test:1113:7)\n    at async startSubtestAfterBootstrap (node:internal/test_runner/harness:358:3)"},"msg":"Supabase auth.getUser failed when verifying token"}
{"level":30,"time":1774289926880,"pid":12156,"hostname":"DESKTOP-3QN8GJ6","ipPrefix":"127.0.0.1","uaPrefix":"test-agent","msg":"Anonymous request received"}
{"level":30,"time":1774289926880,"pid":12156,"hostname":"DESKTOP-3QN8GJ6","hashPrefix":"02d2c3e263","msg":"Calling check_and_increment_anonymous_usage"}
{"level":30,"time":1774289926880,"pid":12156,"hostname":"DESKTOP-3QN8GJ6","currentCount":4,"isAllowed":true,"msg":"Usage check result"}
{"level":30,"time":1774289926880,"pid":12156,"hostname":"DESKTOP-3QN8GJ6","currentCount":4,"limit":5,"msg":"Anonymous user allowed"}
{"level":40,"time":1774289926881,"pid":12156,"hostname":"DESKTOP-3QN8GJ6","err":{"type":"TypeError","message":"Cannot read properties of null (reading 'auth')","stack":"TypeError: Cannot read properties of null (reading 'auth')\n    at enforceAnonymousUsage (file:///C:/Iris/major%20proj/circular%20economy/backend/controllers/scoring.controller.js:78:50)\n    at TestContext.<anonymous> (file:///C:/Iris/major%20proj/circular%20economy/backend/tests/anonymous.test.js:43:26)\n    at async Test.run (node:internal/test_runner/test:1113:7)\n    at async startSubtestAfterBootstrap (node:internal/test_runner/harness:358:3)"},"msg":"Supabase auth.getUser failed when verifying token"}
{"level":30,"time":1774289926881,"pid":12156,"hostname":"DESKTOP-3QN8GJ6","ipPrefix":"127.0.0.1","uaPrefix":"test-agent","msg":"Anonymous request received"}
{"level":30,"time":1774289926881,"pid":12156,"hostname":"DESKTOP-3QN8GJ6","hashPrefix":"02d2c3e263","msg":"Calling check_and_increment_anonymous_usage"}
{"level":30,"time":1774289926881,"pid":12156,"hostname":"DESKTOP-3QN8GJ6","currentCount":5,"isAllowed":true,"msg":"Usage check result"}
{"level":30,"time":1774289926881,"pid":12156,"hostname":"DESKTOP-3QN8GJ6","currentCount":5,"limit":5,"msg":"Anonymous user allowed"}
{"level":40,"time":1774289926881,"pid":12156,"hostname":"DESKTOP-3QN8GJ6","err":{"type":"TypeError","message":"Cannot read properties of null (reading 'auth')","stack":"TypeError: Cannot read properties of null (reading 'auth')\n    at enforceAnonymousUsage (file:///C:/Iris/major%20proj/circular%20economy/backend/controllers/scoring.controller.js:78:50)\n    at TestContext.<anonymous> (file:///C:/Iris/major%20proj/circular%20economy/backend/tests/anonymous.test.js:48:25)\n    at async Test.run (node:internal/test_runner/test:1113:7)\n    at async startSubtestAfterBootstrap (node:internal/test_runner/harness:358:3)"},"msg":"Supabase auth.getUser failed when verifying token"}
{"level":30,"time":1774289926881,"pid":12156,"hostname":"DESKTOP-3QN8GJ6","ipPrefix":"127.0.0.1","uaPrefix":"test-agent","msg":"Anonymous request received"}
{"level":30,"time":1774289926881,"pid":12156,"hostname":"DESKTOP-3QN8GJ6","hashPrefix":"02d2c3e263","msg":"Calling check_and_increment_anonymous_usage"}
{"level":30,"time":1774289926881,"pid":12156,"hostname":"DESKTOP-3QN8GJ6","currentCount":6,"isAllowed":false,"msg":"Usage check result"}
{"level":30,"time":1774289926881,"pid":12156,"hostname":"DESKTOP-3QN8GJ6","currentCount":6,"limit":5,"msg":"Anonymous user limit reached"}
{"level":30,"time":1774289926883,"pid":12156,"hostname":"DESKTOP-3QN8GJ6","userId":"user-1","msg":"User token verified via Supabase, skipping anonymous usage check"}
{"level":40,"time":1774289926883,"pid":12156,"hostname":"DESKTOP-3QN8GJ6","err":{"type":"TypeError","message":"Cannot read properties of null (reading 'auth')","stack":"TypeError: Cannot read properties of null (reading 'auth')\n    at enforceAnonymousUsage (file:///C:/Iris/major%20proj/circular%20economy/backend/controllers/scoring.controller.js:78:50)\n    at TestContext.<anonymous> (file:///C:/Iris/major%20proj/circular%20economy/backend/tests/anonymous.test.js:85:21)\n    at Test.runInAsyncScope (node:async_hooks:214:14)\n    at Test.run (node:internal/test_runner/test:1106:25)\n    at Test.processPendingSubtests (node:internal/test_runner/test:788:18)\n    at Test.postRun (node:internal/test_runner/test:1235:19)\n    at Test.run (node:internal/test_runner/test:1163:12)\n    at async Test.processPendingSubtests (node:internal/test_runner/test:788:7)"},"msg":"Supabase auth.getUser failed when verifying token"}
{"level":30,"time":1774289926883,"pid":12156,"hostname":"DESKTOP-3QN8GJ6","ipPrefix":"127.0.0.1","uaPrefix":"test-agent","msg":"Anonymous request received"}
{"level":30,"time":1774289926883,"pid":12156,"hostname":"DESKTOP-3QN8GJ6","hashPrefix":"02d2c3e263","msg":"Calling check_and_increment_anonymous_usage"}
{"level":50,"time":1774289926884,"pid":12156,"hostname":"DESKTOP-3QN8GJ6","err":{"type":"Object","message":"db error","stack":""},"msg":"Error in atomic usage check"}
[dotenv@17.3.1] injecting env (0) from ..\env\.env.test -- tip: ≡ƒ¢á∩╕Å  run anywhere with `dotenvx run -- yourcommand`
Loaded environment variables from C:\Iris\major proj\circular economy\env\.env.test
Γ£û requests without api key are rejected (31.7527ms)
Γ£ö requests with valid x-api-key are accepted (9.7491ms)
Γ£ö requests with Bearer token equal to API key are accepted (7.0563ms)
[dotenv@17.3.1] injecting env (0) from ..\env\.env.test -- tip: ≡ƒ¢í∩╕Å auth for agents: https://vestauth.com
Loaded environment variables from C:\Iris\major proj\circular economy\env\.env.test
Γ£ö GET /api/analytics returns aggregate, industryMetrics, timeSeries (38.8492ms)
Γ£ö GET /api/analytics/global-stats returns log_stats + market_data + assessment_stats (8.3537ms)
Γ£ö GET /api/analytics/documents/summary returns byIndustry/byCategory/... arrays (6.3523ms)
Γ£ö GET /api/analytics/documents/stats returns stats (5.2637ms)
[dotenv@17.3.1] injecting env (0) from ..\env\.env.test -- tip: ≡ƒöÉ prevent committing .env to code: https://dotenvx.com/precommit
Loaded environment variables from C:\Iris\major proj\circular economy\env\.env.test
Γ£ö GET /api/analytics/enhanced returns volatility, confidence intervals and marketShare fields (49.3671ms)
[dotenv@17.3.1] injecting env (0) from ..\env\.env.test -- tip: ΓÜÖ∩╕Å  override existing env vars with { override: true }
Loaded environment variables from C:\Iris\major proj\circular economy\env\.env.test
Γ£ö GET /api/analytics/featured-solutions (fallback) returns documents (37.4697ms)
Γ£ö GET /api/analytics/featured-solutions?q=... performs hybrid search (8.2781ms)
Γ£ö GET /api/analytics/featured-solutions (fallback) applies DB-level filters (5.2839ms)
Γ£ö GET /api/analytics/featured-solutions sanitizes array filters (5.7584ms)
[dotenv@17.3.1] injecting env (0) from ..\env\.env.test -- tip: ≡ƒ¢á∩╕Å  run anywhere with `dotenvx run -- yourcommand`
Loaded environment variables from C:\Iris\major proj\circular economy\env\.env.test
Γ£ö health endpoint remains open when auth is enabled (169.8564ms)
{"level":50,"time":1774289934548,"pid":15028,"hostname":"DESKTOP-3QN8GJ6","err":{"type":"Object","message":"invalid input syntax for type uuid: \"test-user-id\"","stack":"","code":"22P02","details":null,"hint":null},"msg":"Failed to fetch profile"}
Γ£û protected routes reject missing API key (424.0478ms)
Γ£ö protected routes reject wrong API key (180.6187ms)
{"level":30,"time":1774289934935,"pid":15028,"hostname":"DESKTOP-3QN8GJ6","authenticated":false,"msg":"Bearer token present but not a valid authenticated user ΓÇö treating as anonymous"}
{"level":30,"time":1774289934935,"pid":15028,"hostname":"DESKTOP-3QN8GJ6","ipPrefix":"::ffff:127","uaPrefix":"unknown","msg":"Anonymous request received"}
{"level":30,"time":1774289934935,"pid":15028,"hostname":"DESKTOP-3QN8GJ6","hashPrefix":"cb7d15ded3","msg":"Calling check_and_increment_anonymous_usage"}
{"level":30,"time":1774289935140,"pid":15028,"hostname":"DESKTOP-3QN8GJ6","currentCount":5,"isAllowed":false,"msg":"Usage check result"}
{"level":30,"time":1774289935140,"pid":15028,"hostname":"DESKTOP-3QN8GJ6","currentCount":5,"limit":5,"msg":"Anonymous user limit reached"}
{"level":30,"time":1774289935140,"pid":15028,"hostname":"DESKTOP-3QN8GJ6","method":"POST","path":"/score","status":403,"duration":369,"timestamp":"2026-03-23T18:18:55.140Z","msg":"Route request complete"}
Γ£û protected routes allow correct API key then enforce validation (405.4398ms)
{"level":30,"time":1774289935150,"pid":15028,"hostname":"DESKTOP-3QN8GJ6","isTest":true,"msg":"Treating request as authenticated (skip anonymous check)"}
{"level":30,"time":1774289935151,"pid":15028,"hostname":"DESKTOP-3QN8GJ6","requestId":"z9vitdr","authHeader":"MISSING","ip":"::ffff:127.0.0.1","msg":"NEW SCORING REQUEST"}
{"level":50,"time":1774289935151,"pid":15028,"hostname":"DESKTOP-3QN8GJ6","requestId":"z9vitdr","err":{"type":"Error","message":"Both businessProblem and businessSolution are required","stack":"Error: Both businessProblem and businessSolution are required\n    at Module.performScoring (file:///C:/Iris/major%20proj/circular%20economy/backend/controllers/scoring.controller.js:244:21)\n    at file:///C:/Iris/major%20proj/circular%20economy/backend/routes/scoring.routes.js:118:48\n    at process.processTicksAndRejections (node:internal/process/task_queues:103:5)","code":"MISSING_FIELDS","status":400},"msg":"Scoring request error"}
{"level":30,"time":1774289935151,"pid":15028,"hostname":"DESKTOP-3QN8GJ6","op":"performScoring","stat":"error","dur":0,"msg":"API Op"}
{"level":30,"time":1774289935151,"pid":15028,"hostname":"DESKTOP-3QN8GJ6","method":"POST","path":"/score","status":400,"duration":1,"timestamp":"2026-03-23T18:18:55.151Z","msg":"Route request complete"}
{"level":50,"time":1774289935151,"pid":15028,"hostname":"DESKTOP-3QN8GJ6","err":{"type":"Error","message":"Both businessProblem and businessSolution are required","stack":"Error: Both businessProblem and businessSolution are required\n    at Module.performScoring (file:///C:/Iris/major%20proj/circular%20economy/backend/controllers/scoring.controller.js:244:21)\n    at file:///C:/Iris/major%20proj/circular%20economy/backend/routes/scoring.routes.js:118:48\n    at process.processTicksAndRejections (node:internal/process/task_queues:103:5)","code":"MISSING_FIELDS","status":400},"msg":"Failed to generate scoring audit"}
Γ£ö protected routes allow X-API-Key header then enforce validation (10.0051ms)
Γ£û tests\api\api-auth.test.js (9754.3443ms)
[dotenv@17.3.1] injecting env (0) from ..\env\.env.test -- tip: ΓÜÖ∩╕Å  write to custom object with { processEnv: myObject }
Loaded environment variables from C:\Iris\major proj\circular economy\env\.env.test
{"level":40,"time":1774289935530,"pid":24768,"hostname":"DESKTOP-3QN8GJ6","endpoint":"/","method":"POST","ip":"::ffff:127.0.0.1","errors":[{"path":"name","message":"Required","code":"invalid_type"},{"path":"result_json","message":"Required","code":"invalid_type"}],"receivedFields":["result"],"bodySize":31,"msg":"Assessment validation failure"}
Γ£ö POST /assessments rejects missing title (204.3225ms)
{"level":40,"time":1774289935547,"pid":24768,"hostname":"DESKTOP-3QN8GJ6","endpoint":"/","method":"POST","ip":"::ffff:127.0.0.1","errors":[{"path":"name","message":"Required","code":"invalid_type"},{"path":"result_json","message":"Required","code":"invalid_type"},{"path":"","message":"Unrecognized key(s) in object: 'title'","code":"unrecognized_keys"}],"receivedFields":["title"],"bodySize":27,"msg":"Assessment validation failure"}
Γ£ö POST /assessments rejects missing result (8.1423ms)
{"level":40,"time":1774289935553,"pid":24768,"hostname":"DESKTOP-3QN8GJ6","endpoint":"/","method":"POST","ip":"::ffff:127.0.0.1","errors":[{"path":"name","message":"Required","code":"invalid_type"},{"path":"result_json","message":"Required","code":"invalid_type"},{"path":"","message":"Unrecognized key(s) in object: 'title'","code":"unrecognized_keys"}],"receivedFields":["title","result"],"bodySize":49,"msg":"Assessment validation failure"}
Γ£ö POST /assessments rejects missing overall_score in result (5.6153ms)
{"level":50,"time":1774289935979,"pid":24768,"hostname":"DESKTOP-3QN8GJ6","err":{"type":"Object","message":"invalid input syntax for type uuid: \"test-user-id\"","stack":"","code":"22P02","details":null,"hint":null},"msg":"User assessments query error"}
{"level":30,"time":1774289935979,"pid":24768,"hostname":"DESKTOP-3QN8GJ6","op":"fetchUserAssessments","stat":"error","dur":419,"msg":"API Op"}
{"level":50,"time":1774289935979,"pid":24768,"hostname":"DESKTOP-3QN8GJ6","err":{"type":"Object","message":"invalid input syntax for type uuid: \"test-user-id\"","stack":"","code":"22P02","details":null,"hint":null},"msg":"Error fetching assessments"}
{"level":30,"time":1774289935980,"pid":24768,"hostname":"DESKTOP-3QN8GJ6","method":"GET","path":"/assessments","status":500,"duration":419,"ts":"2026-03-23T18:18:55.979Z","msg":"Route request complete"}
Γ£ö GET /assessments accepts page and pageSize query params (428.4999ms)
{"level":50,"time":1774289936118,"pid":24768,"hostname":"DESKTOP-3QN8GJ6","err":{"type":"Object","message":"invalid input syntax for type uuid: \"test-user-id\"","stack":"","code":"22P02","details":null,"hint":null},"msg":"User assessments query error"}
{"level":30,"time":1774289936118,"pid":24768,"hostname":"DESKTOP-3QN8GJ6","op":"fetchUserAssessments","stat":"error","dur":127,"msg":"API Op"}
{"level":50,"time":1774289936118,"pid":24768,"hostname":"DESKTOP-3QN8GJ6","err":{"type":"Object","message":"invalid input syntax for type uuid: \"test-user-id\"","stack":"","code":"22P02","details":null,"hint":null},"msg":"Error fetching assessments"}
{"level":30,"time":1774289936119,"pid":24768,"hostname":"DESKTOP-3QN8GJ6","method":"GET","path":"/assessments","status":500,"duration":128,"ts":"2026-03-23T18:18:56.119Z","msg":"Route request complete"}
Γ£ö GET /assessments clamps pageSize to max 100 (137.7046ms)
{"level":50,"time":1774289936264,"pid":24768,"hostname":"DESKTOP-3QN8GJ6","err":{"type":"Object","message":"invalid input syntax for type uuid: \"test-user-id\"","stack":"","code":"22P02","details":null,"hint":null},"msg":"User assessments query error"}
{"level":30,"time":1774289936265,"pid":24768,"hostname":"DESKTOP-3QN8GJ6","op":"fetchUserAssessments","stat":"error","dur":138,"msg":"API Op"}
{"level":50,"time":1774289936265,"pid":24768,"hostname":"DESKTOP-3QN8GJ6","err":{"type":"Object","message":"invalid input syntax for type uuid: \"test-user-id\"","stack":"","code":"22P02","details":null,"hint":null},"msg":"Error fetching assessments"}
{"level":30,"time":1774289936265,"pid":24768,"hostname":"DESKTOP-3QN8GJ6","method":"GET","path":"/assessments","status":500,"duration":138,"ts":"2026-03-23T18:18:56.265Z","msg":"Route request complete"}
Γ£ö GET /assessments defaults page to 1 and pageSize to 20 (146.0839ms)
{"level":50,"time":1774289936365,"pid":24768,"hostname":"DESKTOP-3QN8GJ6","err":{"type":"Object","message":"invalid input syntax for type uuid: \"test-user-id\"","stack":"","code":"22P02","details":null,"hint":null},"msg":"User assessments query error"}
{"level":30,"time":1774289936366,"pid":24768,"hostname":"DESKTOP-3QN8GJ6","op":"fetchUserAssessments","stat":"error","dur":93,"msg":"API Op"}
{"level":50,"time":1774289936366,"pid":24768,"hostname":"DESKTOP-3QN8GJ6","err":{"type":"Object","message":"invalid input syntax for type uuid: \"test-user-id\"","stack":"","code":"22P02","details":null,"hint":null},"msg":"Error fetching assessments"}
{"level":30,"time":1774289936366,"pid":24768,"hostname":"DESKTOP-3QN8GJ6","method":"GET","path":"/assessments","status":500,"duration":94,"ts":"2026-03-23T18:18:56.366Z","msg":"Route request complete"}
{"level":50,"time":1774289936470,"pid":24768,"hostname":"DESKTOP-3QN8GJ6","err":{"type":"Object","message":"invalid input syntax for type uuid: \"test-user-id\"","stack":"","code":"22P02","details":null,"hint":null},"msg":"User assessments query error"}
{"level":30,"time":1774289936470,"pid":24768,"hostname":"DESKTOP-3QN8GJ6","op":"fetchUserAssessments","stat":"error","dur":99,"msg":"API Op"}
{"level":50,"time":1774289936471,"pid":24768,"hostname":"DESKTOP-3QN8GJ6","err":{"type":"Object","message":"invalid input syntax for type uuid: \"test-user-id\"","stack":"","code":"22P02","details":null,"hint":null},"msg":"Error fetching assessments"}
{"level":30,"time":1774289936471,"pid":24768,"hostname":"DESKTOP-3QN8GJ6","method":"GET","path":"/assessments","status":500,"duration":100,"ts":"2026-03-23T18:18:56.471Z","msg":"Route request complete"}
{"level":50,"time":1774289936584,"pid":24768,"hostname":"DESKTOP-3QN8GJ6","err":{"type":"Object","message":"invalid input syntax for type uuid: \"test-user-id\"","stack":"","code":"22P02","details":null,"hint":null},"msg":"User assessments query error"}
Γ£ö GET /assessments accepts sortBy whitelist values (318.8254ms)
{"level":30,"time":1774289936584,"pid":24768,"hostname":"DESKTOP-3QN8GJ6","op":"fetchUserAssessments","stat":"error","dur":107,"msg":"API Op"}
{"level":50,"time":1774289936584,"pid":24768,"hostname":"DESKTOP-3QN8GJ6","err":{"type":"Object","message":"invalid input syntax for type uuid: \"test-user-id\"","stack":"","code":"22P02","details":null,"hint":null},"msg":"Error fetching assessments"}
{"level":30,"time":1774289936584,"pid":24768,"hostname":"DESKTOP-3QN8GJ6","method":"GET","path":"/assessments","status":500,"duration":107,"ts":"2026-03-23T18:18:56.584Z","msg":"Route request complete"}
{"level":50,"time":1774289936667,"pid":24768,"hostname":"DESKTOP-3QN8GJ6","err":{"type":"Object","message":"invalid input syntax for type uuid: \"test-user-id\"","stack":"","code":"22P02","details":null,"hint":null},"msg":"User assessments query error"}
{"level":30,"time":1774289936667,"pid":24768,"hostname":"DESKTOP-3QN8GJ6","op":"fetchUserAssessments","stat":"error","dur":76,"msg":"API Op"}
{"level":50,"time":1774289936667,"pid":24768,"hostname":"DESKTOP-3QN8GJ6","err":{"type":"Object","message":"invalid input syntax for type uuid: \"test-user-id\"","stack":"","code":"22P02","details":null,"hint":null},"msg":"Error fetching assessments"}
{"level":30,"time":1774289936667,"pid":24768,"hostname":"DESKTOP-3QN8GJ6","method":"GET","path":"/assessments","status":500,"duration":76,"ts":"2026-03-23T18:18:56.667Z","msg":"Route request complete"}
Γ£ö GET /assessments defaults to created_at for invalid sortBy (82.936ms)
{"level":50,"time":1774289936779,"pid":24768,"hostname":"DESKTOP-3QN8GJ6","err":{"type":"Object","message":"invalid input syntax for type uuid: \"test-user-id\"","stack":"","code":"22P02","details":null,"hint":null},"msg":"User assessments query error"}
{"level":30,"time":1774289936779,"pid":24768,"hostname":"DESKTOP-3QN8GJ6","op":"fetchUserAssessments","stat":"error","dur":106,"msg":"API Op"}
{"level":50,"time":1774289936779,"pid":24768,"hostname":"DESKTOP-3QN8GJ6","err":{"type":"Object","message":"invalid input syntax for type uuid: \"test-user-id\"","stack":"","code":"22P02","details":null,"hint":null},"msg":"Error fetching assessments"}
{"level":30,"time":1774289936779,"pid":24768,"hostname":"DESKTOP-3QN8GJ6","method":"GET","path":"/assessments","status":500,"duration":106,"ts":"2026-03-23T18:18:56.779Z","msg":"Route request complete"}
{"level":50,"time":1774289936947,"pid":24768,"hostname":"DESKTOP-3QN8GJ6","err":{"type":"Object","message":"invalid input syntax for type uuid: \"test-user-id\"","stack":"","code":"22P02","details":null,"hint":null},"msg":"User assessments query error"}
{"level":30,"time":1774289936947,"pid":24768,"hostname":"DESKTOP-3QN8GJ6","op":"fetchUserAssessments","stat":"error","dur":163,"msg":"API Op"}
{"level":50,"time":1774289936947,"pid":24768,"hostname":"DESKTOP-3QN8GJ6","err":{"type":"Object","message":"invalid input syntax for type uuid: \"test-user-id\"","stack":"","code":"22P02","details":null,"hint":null},"msg":"Error fetching assessments"}
{"level":30,"time":1774289936947,"pid":24768,"hostname":"DESKTOP-3QN8GJ6","method":"GET","path":"/assessments","status":500,"duration":163,"ts":"2026-03-23T18:18:56.947Z","msg":"Route request complete"}
Γ£ö GET /assessments accepts order asc/desc (280.0453ms)
{"level":50,"time":1774289937188,"pid":24768,"hostname":"DESKTOP-3QN8GJ6","err":{"type":"Object","message":"invalid input syntax for type uuid: \"test-user-id\"","stack":"","code":"22P02","details":null,"hint":null},"msg":"User assessments query error"}
{"level":30,"time":1774289937189,"pid":24768,"hostname":"DESKTOP-3QN8GJ6","op":"fetchUserAssessments","stat":"error","dur":234,"msg":"API Op"}
{"level":50,"time":1774289937189,"pid":24768,"hostname":"DESKTOP-3QN8GJ6","err":{"type":"Object","message":"invalid input syntax for type uuid: \"test-user-id\"","stack":"","code":"22P02","details":null,"hint":null},"msg":"Error fetching assessments"}
{"level":30,"time":1774289937189,"pid":24768,"hostname":"DESKTOP-3QN8GJ6","method":"GET","path":"/assessments","status":500,"duration":234,"ts":"2026-03-23T18:18:57.189Z","msg":"Route request complete"}
Γ£ö GET /assessments accepts filter parameters (241.437ms)
{"level":50,"time":1774289937400,"pid":24768,"hostname":"DESKTOP-3QN8GJ6","err":{"type":"Object","message":"invalid input syntax for type uuid: \"test-user-id\"","stack":"","code":"22P02","details":null,"hint":null},"msg":"User assessments query error"}
{"level":30,"time":1774289937400,"pid":24768,"hostname":"DESKTOP-3QN8GJ6","op":"fetchUserAssessments","stat":"error","dur":203,"msg":"API Op"}
{"level":50,"time":1774289937400,"pid":24768,"hostname":"DESKTOP-3QN8GJ6","err":{"type":"Object","message":"invalid input syntax for type uuid: \"test-user-id\"","stack":"","code":"22P02","details":null,"hint":null},"msg":"Error fetching assessments"}
{"level":30,"time":1774289937400,"pid":24768,"hostname":"DESKTOP-3QN8GJ6","method":"GET","path":"/assessments","status":500,"duration":203,"ts":"2026-03-23T18:18:57.400Z","msg":"Route request complete"}
Γ£ö GET /assessments returns structure with assessments, total, page, pageSize (211.2141ms)
{"level":30,"time":1774289937499,"pid":24768,"hostname":"DESKTOP-3QN8GJ6","op":"getAssessmentById","stat":"error","dur":92,"msg":"API Op"}
{"level":30,"time":1774289937499,"pid":24768,"hostname":"DESKTOP-3QN8GJ6","method":"GET","path":"/assessments/123","status":500,"duration":93,"ts":"2026-03-23T18:18:57.499Z","msg":"Route request complete"}
Γ£ö GET /assessments/:id endpoint is routable (98.9373ms)
{"level":30,"time":1774289937509,"pid":24768,"hostname":"DESKTOP-3QN8GJ6","id":"123","userId":"test-user-id","msg":"DELETE request received"}
{"level":30,"time":1774289937587,"pid":24768,"hostname":"DESKTOP-3QN8GJ6","id":"123","userId":"test-user-id","err":{"type":"Object","message":"invalid input syntax for type uuid: \"123\"","stack":"","code":"22P02","details":null,"hint":null},"msg":"Assessment not found for deletion"}
{"level":50,"time":1774289937587,"pid":24768,"hostname":"DESKTOP-3QN8GJ6","err":{"type":"Error","message":"Assessment not found or you do not have permission to delete it","stack":"Error: Assessment not found or you do not have permission to delete it\n    at Module.deleteAssessment (file:///C:/Iris/major%20proj/circular%20economy/backend/controllers/assessments.controller.js:419:29)\n    at process.processTicksAndRejections (node:internal/process/task_queues:103:5)\n    at async file:///C:/Iris/major%20proj/circular%20economy/backend/routes/assessments.routes.js:305:22","code":"NOT_FOUND"},"msg":"Error during deleteAssessment operation"}
{"level":30,"time":1774289937587,"pid":24768,"hostname":"DESKTOP-3QN8GJ6","op":"deleteAssessment","stat":"error","dur":79,"msg":"API Op"}
{"level":30,"time":1774289937587,"pid":24768,"hostname":"DESKTOP-3QN8GJ6","method":"DELETE","path":"/assessments/123","status":404,"duration":79,"ts":"2026-03-23T18:18:57.587Z","msg":"Route request complete"}
Γ£ö DELETE /assessments/:id endpoint is routable (87.7745ms)
{"level":30,"time":1774289937597,"pid":24768,"hostname":"DESKTOP-3QN8GJ6","method":"GET","path":"/assessments/compare?id1=undefined&id2=undefined","status":400,"duration":0,"ts":"2026-03-23T18:18:57.597Z","msg":"Route request complete"}
Γ£ö GET /assessments/compare rejects missing query parameters (9.6444ms)
{"level":30,"time":1774289937604,"pid":24768,"hostname":"DESKTOP-3QN8GJ6","method":"GET","path":"/assessments/compare?id1=abc123&id2=undefined","status":400,"duration":0,"ts":"2026-03-23T18:18:57.604Z","msg":"Route request complete"}
Γ£ö GET /assessments/compare rejects missing id2 parameter (5.6281ms)
{"level":30,"time":1774289937809,"pid":24768,"hostname":"DESKTOP-3QN8GJ6","op":"compareAssessments","stat":"error","dur":200,"msg":"API Op"}
{"level":30,"time":1774289937809,"pid":24768,"hostname":"DESKTOP-3QN8GJ6","method":"GET","path":"/assessments/compare?id1=abc123&id2=def456","status":500,"duration":200,"ts":"2026-03-23T18:18:57.809Z","msg":"Route request complete"}
Γ£ö GET /assessments/compare accepts id1 and id2 query parameters (206.2291ms)
{"level":30,"time":1774289937820,"pid":24768,"hostname":"DESKTOP-3QN8GJ6","op":"validatePublicId","stat":"error","dur":1,"msg":"API Op"}
{"level":30,"time":1774289937820,"pid":24768,"hostname":"DESKTOP-3QN8GJ6","method":"GET","path":"/assessments/validate/not-a-uuid","status":400,"duration":1,"ts":"2026-03-23T18:18:57.820Z","msg":"Route request complete"}
Γ£ö GET /api/assessments/validate rejects invalid UUID format (11.0984ms)
{"level":30,"time":1774289938208,"pid":24768,"hostname":"DESKTOP-3QN8GJ6","op":"updateAssessment","stat":"error","dur":378,"msg":"API Op"}
{"level":30,"time":1774289938208,"pid":24768,"hostname":"DESKTOP-3QN8GJ6","method":"PATCH","path":"/assessments/123","status":500,"duration":378,"ts":"2026-03-23T18:18:58.208Z","msg":"Route request complete"}
Γ£ö PATCH /api/assessments/:id endpoint is routable (387.2386ms)
{"level":30,"time":1774289938315,"pid":24768,"hostname":"DESKTOP-3QN8GJ6","op":"compareAssessments","stat":"error","dur":100,"msg":"API Op"}
{"level":30,"time":1774289938316,"pid":24768,"hostname":"DESKTOP-3QN8GJ6","method":"GET","path":"/assessments/compare?id1=abc123&id2=def456","status":500,"duration":101,"ts":"2026-03-23T18:18:58.316Z","msg":"Route request complete"}
Γ£ö GET /api/assessments/compare accepts id1 and id2 query parameters (108.7052ms)
[dotenv@17.3.1] injecting env (0) from ..\env\.env.test -- tip: ΓÜÖ∩╕Å  enable debug logging with { debug: true }
Loaded environment variables from C:\Iris\major proj\circular economy\env\.env.test
Γ£ö GET /docs/methodology returns methodology JSON (177.8706ms)
Γ£ö POST /api/search rejects missing query (18.8271ms)
{"level":30,"time":1774289936895,"pid":38712,"hostname":"DESKTOP-3QN8GJ6","isTest":true,"msg":"Treating request as authenticated (skip anonymous check)"}
Γ£ö GET /api/score/test-anonymous-limit-tracking is routable (7.7345ms)
